HI-TECH Software C Compiler 

Linker command line:

--edf=c:\program files (x86)\fmd\fmdide\data\dat\en_msgs.txt -cs \
  -h+ft61f02x.sym -z -Q16F685 -ol.obj -Mft61f02x.map -E1 -ACONST=00h-0FFhx8 \
  -ACODE=00h-07FFh -ASTRCODE=00h-07FFh -AENTRY=00h-0FFhx8 \
  -ASTRING=00h-0FFhx8 -ABANK0=020h-06Fh -ABANK1=0A0h-0BFh \
  -ARAM=020h-06Fh,0A0h-0BFh -AABS1=020h-07Fh,0A0h-0BFh -ACOMMON=070h-07Fh \
  -ASFR0=00h-01Fh -ASFR1=080h-09Fh -ASFR2=0100h-016Fh \
  -preset_vec=00h,intentry=04h,init,end_init -ppowerup=CODE -pfunctab=CODE \
  -ACONFIG=02007h-02007h -pconfig=CONFIG -DCONFIG=2 -AIDLOC=02000h-02003h \
  -pidloc=IDLOC -DIDLOC=2 -AEEDATA=00h-0FFh/02100h -peeprom_data=EEDATA \
  -DEEDATA=2 -DCODE=2 -DSTRCODE=2 -DSTRING=2 -DCONST=2 -DENTRY=2 -k \
  startup.obj ft61f02x.obj 

Object code version is 3.10

Machine type is 16F685



                Name                               Link     Load   Length Selector   Space Scale
startup.obj     end_init                              A        A        1        8       0
                reset_vec                             0        0        1        0       0
ft61f02x.obj    intentry                              4        4        6        8       0
                text620                             296      296       1F        8       0
                text619                              A8       A8       59        8       0
                text618                             155      155       53        8       0
                text617                             331      331        4      648       0
                text616                             1A8      1A8       3B        8       0
                swtext1                             31C      31C        8      638       0
                text615                             101      101       54        8       0
                text614                             324      324        7      648       0
                text613                             32B      32B        6      648       0
                text612                             338      338        1      648       0
                text611                             2B5      2B5       1B        8       0
                text610                             2DE      2DE        E        8       0
                text609                             302      302        A        8       0
                text608                             314      314        8        8       0
                text607                             335      335        3      648       0
                text606                             216      216       30        8       0
                text605                             246      246       2B        8       0
                text604                             271      271       25        8       0
                text603                             2EC      2EC        C        8       0
                text602                             1E3      1E3       33        8       0
                text601                               B        B       9D        8       0
                maintext                            2D0      2D0        E        8       0
                cstackBANK0                          3E       3E        6       20       1
                cstackCOMMON                         72       72        5       70       1
                clrtext                             30C      30C        8        8       0
                bssBANK0                             20       20       1E       20       1
                bssCOMMON                            77       77        1       70       1
                bitbssCOMMON                        380       70       10       70       1     8
                cinit                               2F8      2F8        A        8       0
                nvBANK0                              44       44        1       20       1

TOTAL           Name                               Link     Load   Length     Space
        CLASS   CONST          
                swtext1                             31C      31C        8         0

        CLASS   CODE           
                end_init                              A        A        1         0
                intentry                              4        4        6         0
                reset_vec                             0        0        1         0
                text620                             296      296       1F         0
                text619                              A8       A8       59         0
                text618                             155      155       53         0
                text617                             331      331        4         0
                text616                             1A8      1A8       3B         0
                text615                             101      101       54         0
                text614                             324      324        7         0
                text613                             32B      32B        6         0
                text612                             338      338        1         0
                text611                             2B5      2B5       1B         0
                text610                             2DE      2DE        E         0
                text609                             302      302        A         0
                text608                             314      314        8         0
                text607                             335      335        3         0
                text606                             216      216       30         0
                text605                             246      246       2B         0
                text604                             271      271       25         0
                text603                             2EC      2EC        C         0
                text602                             1E3      1E3       33         0
                text601                               B        B       9D         0
                maintext                            2D0      2D0        E         0
                clrtext                             30C      30C        8         0
                cinit                               2F8      2F8        A         0

        CLASS   STRCODE        

        CLASS   ENTRY          

        CLASS   STRING         

        CLASS   BANK0          
                cstackBANK0                          3E       3E        6         1
                bssBANK0                             20       20       1E         1
                nvBANK0                              44       44        1         1

        CLASS   BANK1          

        CLASS   RAM            

        CLASS   ABS1           
                abs_s1                               7E       7E        2         1
                abs_s1                              18C      18C        1         1
                abs_s1                              19D      19D        2         1

        CLASS   COMMON         
                cstackCOMMON                         72       72        5         1
                bssCOMMON                            77       77        1         1
                bitbssCOMMON                        380       70       10         1

        CLASS   SFR0           

        CLASS   SFR1           

        CLASS   SFR2           

        CLASS   CONFIG         

        CLASS   IDLOC          

        CLASS   EEDATA         

        CLASS   BANK2          



SEGMENTS        Name                           Load    Length   Top    Selector   Space  Class     Delta

                reset_vec                      000000  000001  000001         0       0  CODE        2
                intentry                       000004  000318  00031C         8       0  CODE        2
                bssBANK0                       000020  000025  000045        20       1  BANK0       1
                bitbssCOMMON                   000070  000008  000078        70       1  COMMON      1
                swtext1                        00031C  000008  000324       638       0  CONST       2
                text614                        000324  000015  000339       648       0  CODE        2


UNUSED ADDRESS RANGES

        Name                Unused          Largest block    Delta
        BANK0            045-06F            2B           1
        BANK1            0A0-0BF            20           1
        CODE             001-003             3           2
                         339-7FF           4C7
        COMMON           078-07D             6           1
        CONFIG           2007-2007             1           2
        CONST            001-003             3           2
                         339-7FF           100
        EEDATA           2100-21FF           100           2
        ENTRY            001-003             3           2
                         339-7FF           100
        IDLOC            2000-2003             4           2
        RAM              045-06F            2B           1
                         0A0-0BF            20
        SFR0             000-01F            20           1
        SFR1             080-09F            20           1
        SFR2             100-16F            70           1
        STRCODE          001-003             3           2
                         339-7FF           4C7
        STRING           001-003             3           2
                         339-7FF           100

                                  Symbol Table

??_ADC_Deal                    cstackCOMMON 074
??_ADC_Driver                  cstackCOMMON 077
??_ADC_Init                    cstackCOMMON 074
??_CLK_Init                    cstackCOMMON 074
??_CUP_CHR_Driver              cstackCOMMON 075
??_DelayUs                     cstackCOMMON 074
??_FUN_Driver                  cstackCOMMON 076
??_FUN_EnterStandby            cstackCOMMON 074
??_FUN_EnterWorkMode           cstackCOMMON 074
??_FUN_Init                    cstackCOMMON 074
??_GetAd                       cstackCOMMON 077
??_ISR                         cstackCOMMON 072
??_KEY_Driver                  cstackCOMMON 074
??_LED_Display                 cstackCOMMON 074
??_LED_SetMode                 cstackCOMMON 074
??_MCU_EnterSleep              cstackCOMMON 076
??_MCU_Init                    cstackCOMMON 074
??_MCU_SleepConfig             cstackCOMMON 075
??_MOTO_Driver                 cstackCOMMON 074
??_TIM_Init                    cstackCOMMON 074
??_main                        cstackCOMMON 077
?_ADC_Deal                     cstackCOMMON 072
?_ADC_Driver                   cstackCOMMON 072
?_ADC_Init                     cstackCOMMON 072
?_CLK_Init                     cstackCOMMON 072
?_CUP_CHR_Driver               cstackCOMMON 072
?_DelayUs                      cstackCOMMON 072
?_FUN_Driver                   cstackCOMMON 072
?_FUN_EnterStandby             cstackCOMMON 072
?_FUN_EnterWorkMode            cstackCOMMON 072
?_FUN_Init                     cstackCOMMON 072
?_GetAd                        cstackCOMMON 075
?_ISR                          cstackCOMMON 072
?_KEY_Driver                   cstackCOMMON 072
?_LED_Display                  cstackCOMMON 072
?_LED_SetMode                  cstackCOMMON 072
?_MCU_EnterSleep               cstackCOMMON 072
?_MCU_Init                     cstackCOMMON 072
?_MCU_SleepConfig              cstackCOMMON 072
?_MOTO_Driver                  cstackCOMMON 072
?_TIM_Init                     cstackCOMMON 072
?_main                         cstackCOMMON 072
CUP_CHR_Driver@cupchrStateCode cstackCOMMON 075
DelayUs@time                   cstackCOMMON 074
GetAd@ADCON0Buff               cstackBANK0  041
GetAd@ADC_DATA                 cstackBANK0  042
GetAd@ch                       cstackBANK0  03E
GetAd@tBuffer                  cstackBANK0  03F
LED_SetMode@mode               cstackCOMMON 074
MCU_SleepConfig@isSleep        cstackCOMMON 075
_ADCON0                        (abs)        01F
_ADCON1                        (abs)        09F
_ADC_Deal                      text618      155
_ADC_Driver                    text602      1E3
_ADC_Init                      text609      302
_ADON                          (abs)        0F8
_ADRESH                        (abs)        01E
_ADRESL                        (abs)        09E
_ANSEL                         (abs)        091
_C1SEN                         (abs)        CF5
_C2REN                         (abs)        CF4
_CLK_Init                      text611      2B5
_CMCON0                        (abs)        019
_CUP_CHR_Driver                text606      216
_DelayUs                       text608      314
_EEPGD                         (abs)        C67
_FUN_Driver                    text601      00B
_FUN_EnterStandby              text614      324
_FUN_EnterWorkMode             text613      32B
_FUN_Init                      text617      331
_GIE                           (abs)        05F
_GO_DONE                       (abs)        0F9
_GetAd                         text605      246
_INTCON                        (abs)        00B
_IOCA                          (abs)        096
_IOCA0                         (abs)        4B0
_IOCA1                         (abs)        4B1
_IOCA2                         (abs)        4B2
_IOCA3                         (abs)        4B3
_ISR                           text620      296
_KEY_Driver                    text619      0A8
_LED_Display                   text615      101
_LED_SetMode                   text616      1A8
_MCU_EnterSleep                text603      2EC
_MCU_Init                      text607      335
_MCU_SleepConfig               text604      271
_MOTO_Driver                   text612      338
_MSCKCON                       (abs)        01B
_OPTION                        (abs)        081
_OSCCON                        (abs)        08F
_PAIE                          (abs)        05B
_PAIF                          (abs)        058
_PEIE                          (abs)        05E
_PORTA                         (abs)        005
_PORTC                         (abs)        007
_PR2                           (abs)        092
_PSTRCON                       (abs)        19D
_PULSR                         (abs)        CF2
_PULSS                         (abs)        CF3
_RA0                           (abs)        028
_RA1                           (abs)        029
_RA2                           (abs)        02A
_RA3                           (abs)        02B
_RA4                           (abs)        02C
_RC2                           (abs)        03A
_RC3                           (abs)        03B
_SR0                           (abs)        CF6
_SR1                           (abs)        CF7
_SRCON                         (abs)        19E
_STRA                          (abs)        CE8
_STRB                          (abs)        CE9
_STRC                          (abs)        CEA
_STRD                          (abs)        CEB
_STRSYNC                       (abs)        CEC
_T2CON                         (abs)        012
_TIM_Init                      text610      2DE
_TMR2                          (abs)        011
_TMR2IE                        (abs)        461
_TMR2IF                        (abs)        061
_TMR2ON                        (abs)        092
_TRISA                         (abs)        085
_TRISC                         (abs)        087
_WPUA                          (abs)        095
_WPUC                          (abs)        088
_WREN                          (abs)        C62
__Habs1                        abs1         000
__Hbank0                       bank0        000
__Hbank1                       bank1        000
__Hbank2                       bank2        000
__HbitbssCOMMON                bitbssCOMMON 000
__HbssBANK0                    bssBANK0     000
__HbssCOMMON                   bssCOMMON    000
__Hcinit                       cinit        000
__Hclrtext                     clrtext      000
__Hcode                        code         000
__Hcommon                      common       000
__Hconfig                      config       000
__HcstackBANK0                 cstackBANK0  000
__HcstackCOMMON                cstackCOMMON 000
__Heeprom_data                 eeprom_data  000
__Hend_init                    end_init     00B
__Hfunctab                     functab      000
__Hidloc                       idloc        000
__Hinit                        init         00A
__Hintentry                    intentry     00A
__Hmaintext                    maintext     000
__HnvBANK0                     nvBANK0      000
__Hpa_nodes                    pa_nodes     000
__Hpowerup                     powerup      000
__Hram                         ram          000
__Hreset_vec                   reset_vec    001
__Hsfr0                        sfr0         000
__Hsfr1                        sfr1         000
__Hsfr2                        sfr2         000
__Hstrings                     strings      000
__Htext                        text         000
__Labs1                        abs1         000
__Lbank0                       bank0        000
__Lbank1                       bank1        000
__Lbank2                       bank2        000
__LbitbssCOMMON                bitbssCOMMON 000
__LbssBANK0                    bssBANK0     000
__LbssCOMMON                   bssCOMMON    000
__Lcinit                       cinit        000
__Lclrtext                     clrtext      000
__Lcode                        code         000
__Lcommon                      common       000
__Lconfig                      config       000
__LcstackBANK0                 cstackBANK0  000
__LcstackCOMMON                cstackCOMMON 000
__Leeprom_data                 eeprom_data  000
__Lend_init                    end_init     00A
__Lfunctab                     functab      000
__Lidloc                       idloc        000
__Linit                        init         00A
__Lintentry                    intentry     004
__Lmaintext                    maintext     000
__LnvBANK0                     nvBANK0      000
__Lpa_nodes                    pa_nodes     000
__Lpowerup                     powerup      000
__Lram                         ram          000
__Lreset_vec                   reset_vec    000
__Lsfr0                        sfr0         000
__Lsfr1                        sfr1         000
__Lsfr2                        sfr2         000
__Lstrings                     strings      000
__Ltext                        text         000
__S0                           (abs)        339
__S1                           (abs)        078
__S2                           (abs)        000
__end_of_ADC_Deal              text618      1A8
__end_of_ADC_Driver            text602      216
__end_of_ADC_Init              text609      30C
__end_of_CLK_Init              text611      2C9
__end_of_CUP_CHR_Driver        text606      246
__end_of_DelayUs               text608      31C
__end_of_FUN_Driver            text601      0A8
__end_of_FUN_EnterStandby      text614      32B
__end_of_FUN_EnterWorkMode     text613      331
__end_of_FUN_Init              text617      335
__end_of_GetAd                 text605      271
__end_of_ISR                   text620      2B5
__end_of_KEY_Driver            text619      101
__end_of_LED_Display           text615      155
__end_of_LED_SetMode           text616      1E3
__end_of_MCU_EnterSleep        text603      2F8
__end_of_MCU_Init              text607      338
__end_of_MCU_SleepConfig       text604      296
__end_of_MOTO_Driver           text612      339
__end_of_TIM_Init              text610      2EC
__end_of_main                  maintext     2DE
__pbitbssCOMMON                bitbssCOMMON 380
__pbssBANK0                    bssBANK0     020
__pbssCOMMON                   bssCOMMON    077
__pcstackBANK0                 cstackBANK0  03E
__pcstackCOMMON                cstackCOMMON 072
__pintentry                    intentry     004
__pmaintext                    maintext     2D0
__pnvBANK0                     nvBANK0      044
__pswtext1                     swtext1      31C
__ptext600                     text600      000
__ptext601                     text601      00B
__ptext602                     text602      1E3
__ptext603                     text603      2EC
__ptext604                     text604      271
__ptext605                     text605      246
__ptext606                     text606      216
__ptext607                     text607      335
__ptext608                     text608      314
__ptext609                     text609      302
__ptext610                     text610      2DE
__ptext611                     text611      2B5
__ptext612                     text612      338
__ptext613                     text613      32B
__ptext614                     text614      324
__ptext615                     text615      101
__ptext616                     text616      1A8
__ptext617                     text617      331
__ptext618                     text618      155
__ptext619                     text619      0A8
__ptext620                     text620      296
__ptext621                     text621      000
__size_of_ADC_Deal             (abs)        000
__size_of_ADC_Driver           (abs)        000
__size_of_ADC_Init             (abs)        000
__size_of_CLK_Init             (abs)        000
__size_of_CUP_CHR_Driver       (abs)        000
__size_of_DelayUs              (abs)        000
__size_of_FUN_Driver           (abs)        000
__size_of_FUN_EnterStandby     (abs)        000
__size_of_FUN_EnterWorkMode    (abs)        000
__size_of_FUN_Init             (abs)        000
__size_of_GetAd                (abs)        000
__size_of_ISR                  (abs)        000
__size_of_KEY_Driver           (abs)        000
__size_of_LED_Display          (abs)        000
__size_of_LED_SetMode          (abs)        000
__size_of_MCU_EnterSleep       (abs)        000
__size_of_MCU_Init             (abs)        000
__size_of_MCU_SleepConfig      (abs)        000
__size_of_MOTO_Driver          (abs)        000
__size_of_TIM_Init             (abs)        000
__size_of_main                 (abs)        000
_bTime10ms                     bitbssCOMMON 380
_bakPORTA                      bssBANK0     02E
_bkeyBuff                      bitbssCOMMON 381
_bkeyCode                      bitbssCOMMON 382
_bkeyDou                       bitbssCOMMON 383
_bkeyTemp                      bitbssCOMMON 384
_bkeyUp                        bitbssCOMMON 385
_exit                          init         00A
_gFun_adBatVol                 bssBANK0     020
_gFun_adCurrent                bssBANK0     022
_gFun_adcBuffer                bssBANK0     024
_gFun_adcBufferSum             bssBANK0     026
_gFun_adcChIndex               bssBANK0     02F
_gFun_adcDealDelay             bssBANK0     030
_gFun_adcIndex                 bssBANK0     031
_gFun_batVolState              bssBANK0     032
_gFun_chrState                 bssBANK0     033
_gFun_cupchrCodeBuff           bssBANK0     034
_gFun_cupchrTimeCnt            bssBANK0     035
_gFun_keyIdleCnt               nvBANK0      044
_gFun_keyTimeCnt               bssBANK0     036
_gFun_ledCnt_1hz               bssBANK0     037
_gFun_ledCnt_2hz               bssBANK0     038
_gFun_ledMode                  bssBANK0     039
_gFun_ledStopCnt               bssBANK0     028
_gFun_ledTimeCnt               bssBANK0     02A
_gFun_ocpTimeCnt               bssBANK0     03A
_gFun_ucpTimeCnt               bssBANK0     03B
_gFun_workMode                 bssCOMMON    077
_gFun_workTimeCnt              bssBANK0     02C
_gFun_workTimeCntFor1s         bssBANK0     03C
_gIsCupOk                      bitbssCOMMON 386
_gTimeCntFor10ms               bssBANK0     03D
_gbCupEvent                    bitbssCOMMON 387
_gbKeyClick                    bitbssCOMMON 388
_gbKeyDouClick                 bitbssCOMMON 389
_gbLed1hz                      bitbssCOMMON 38A
_gbLed2hz                      bitbssCOMMON 38B
_gbLedEnd                      bitbssCOMMON 38C
_gbLedWait                     bitbssCOMMON 38D
_gbOcp                         bitbssCOMMON 38E
_gbUcp                         bitbssCOMMON 38F
_main                          maintext     2D0
btemp                          (abs)        07E
clear_ram                      clrtext      30C
end_of_initialization          cinit        300
i1l7430                                        
i1l7434                                        
i1l7438                                        
i1l7446                                        
i1l7448                                        
i1l7450                                        
i1l7452                                        
i1l7454                                        
i1l7456                                        
interrupt_function             intentry     004
intlevel0                      functab      000
intlevel1                      functab      000
intlevel2                      functab      000
intlevel3                      functab      000
intlevel4                      functab      000
intlevel5                      functab      000
l1160                                          
l1185                                          
l1188                                          
l1249                                          
l1295                                          
l1298                                          
l1341                                          
l3499                                          
l3502                                          
l3505                                          
l3508                                          
l5647                                          
l6888                                          
l6890                                          
l6892                                          
l6894                                          
l6896                                          
l6898                                          
l6900                                          
l6902                                          
l6904                                          
l6906                                          
l6908                                          
l6910                                          
l6912                                          
l6948                                          
l7220                                          
l7232                                          
l7262                                          
l7276                                          
l7290                                          
l7300                                          
l7324                                          
l7326                                          
l7332                                          
l7334                                          
l7336                                          
l7338                                          
l7340                                          
l7342                                          
l7344                                          
l7370                                          
l7374                                          
l7380                                          
l7392                                          
l7394                                          
l7416                                          
l7418                                          
l7420                                          
l7422                                          
l7424                                          
l7426                                          
l7428                                          
l7722                                          
l7726                                          
l7728                                          
l7746                                          
l7756                                          
l7764                                          
l7766                                          
l7768                                          
l7770                                          
l7772                                          
l7774                                          
l7776                                          
l7778                                          
l7780                                          
l7786                                          
l7788                                          
l7790                                          
l7792                                          
l7794                                          
l7796                                          
l7798                                          
l7800                                          
l7802                                          
l7804                                          
l7806                                          
l7808                                          
l7810                                          
l7812                                          
l7814                                          
l7816                                          
l7818                                          
l7820                                          
l7828                                          
l7832                                          
l7834                                          
l7836                                          
l7840                                          
l7844                                          
l7848                                          
l7860                                          
l7890                                          
l7894                                          
l7902                                          
l7920                                          
l7932                                          
l7936                                          
l7940                                          
l7962                                          
l7964                                          
l7970                                          
l7972                                          
l7974                                          
reset_vec                      reset_vec    000
saved_w                        (abs)        07E
start                          init         00A
start_initialization           cinit        2F8
wtemp0                         (abs)        07E
