Microchip MPLAB XC8 Compiler V1.45 ()

Linker command line:

-W-9 --edf=C:\Program Files (x86)\SCMCU_IDE_V2.00.07\data\dat\en_msgs.txt \
  -cs -h+SC8F3752.sym --cmf=SC8F3752.cmf -z -QSC8F3752 \
  -oC:\Users\ADMINI~1\AppData\Local\Temp\s4i8.2 -MSC8F3752.map -E1 -ver=XC8 \
  -ASTACK=0198h-01efh -pstack=STACK -ACODE=00h-07FFhx2 -ASTRCODE=00h-0FFFh \
  -ASTRING=00h-0FFhx16 -ACONST=00h-0FFhx16 -AENTRY=00h-0FFhx16 \
  -ACOMMON=070h-07Fh -ABANK0=020h-06Fh -ABANK1=0A0h-0EFh \
  -ABANK2=0120h-016Fh -ABANK3=0198h-01EFh \
  -ARAM=020h-06Fh,0A0h-0EFh,0120h-016Fh,0198h-01EFh \
  -AABS1=020h-07Fh,0A0h-0EFh,0120h-016Fh,0198h-01EFh -ASFR0=00h-01Fh \
  -ASFR1=080h-09Fh -ASFR2=0100h-011Fh -ASFR3=0180h-0197h \
  -preset_vec=00h,intentry=04h,init,end_init -ppowerup=CODE -pcinit=CODE \
  -pfunctab=ENTRY -ACONFIG=02007h-02008h -pconfig=CONFIG -DCONFIG=2 \
  -AIDLOC=02000h-02003h -pidloc=IDLOC -DIDLOC=2 -DCODE=2 -DSTRCODE=2 \
  -DSTRING=2 -DCONST=2 -DENTRY=2 -k startup.obj SC8F3752.obj 

Object code version is 3.11

Machine type is SC8F3752



                Name                               Link     Load   Length Selector   Space Scale
startup.obj     end_init                              B        B        2        8       0
                reset_vec                             0        0        2        0       0
SC8F3752.obj    cinit                                 D        D       11        8       0
                intentry                              4        4        7        8       0
                text30                              642      642       24        8       0
                text24                               1E       1E      2CB        8       0
                text23                              686      686       1A        8       0
                text22                              5DE      5DE       3F        8       0
                text21                              666      666       20        8       0
                swtext3                             6A0      6A0       16      D40       0
                text20                              540      540       9E        8       0
                swtext2                             6C0      6C0        A      D40       0
                text4                               2E9      2E9      257        8       0
                swtext1                             6B6      6B6        A      D40       0
                maintext                            61D      61D       25        8       0
                cstackBANK0                          50       50       14       20       1
                cstackCOMMON                         72       72        A       70       1
                clrtext                             6CA      6CA        8      D94       0
                bssBANK1                             A0       A0       19       A0       1
                bssBANK0                             20       20       30       20       1
                bitbssCOMMON                        380       70        E       70       1     8

TOTAL           Name                               Link     Load   Length     Space
        CLASS   STACK          

        CLASS   CODE           
                end_init                              B        B        2         0
                cinit                                 D        D       11         0
                intentry                              4        4        7         0
                reset_vec                             0        0        2         0
                text30                              642      642       24         0
                text24                               1E       1E      2CB         0
                text23                              686      686       1A         0
                text22                              5DE      5DE       3F         0
                text21                              666      666       20         0
                text20                              540      540       9E         0
                text4                               2E9      2E9      257         0
                maintext                            61D      61D       25         0
                clrtext                             6CA      6CA        8         0

        CLASS   STRCODE        

        CLASS   STRING         

        CLASS   CONST          
                swtext3                             6A0      6A0       16         0
                swtext2                             6C0      6C0        A         0
                swtext1                             6B6      6B6        A         0

        CLASS   ENTRY          

        CLASS   COMMON         
                cstackCOMMON                         72       72        A         1
                bitbssCOMMON                        380       70        E         1

        CLASS   BANK0          
                cstackBANK0                          50       50       14         1
                bssBANK0                             20       20       30         1

        CLASS   BANK1          
                bssBANK1                             A0       A0       19         1

        CLASS   BANK2          

        CLASS   BANK3          

        CLASS   RAM            

        CLASS   ABS1           
                abs_s1                               7E       7E        2         1

        CLASS   SFR0           

        CLASS   SFR1           

        CLASS   SFR2           

        CLASS   SFR3           

        CLASS   CONFIG         

        CLASS   IDLOC          

        CLASS   EEDATA         



SEGMENTS        Name                           Load    Length   Top    Selector   Space  Class     Delta

                reset_vec                      000000  000002  000002         0       0  CODE        2
                intentry                       000004  00069C  0006A0         8       0  CODE        2
                bssBANK0                       000020  000044  000064        20       1  BANK0       1
                bitbssCOMMON                   000070  00000C  00007C        70       1  COMMON      1
                bssBANK1                       0000A0  000019  0000B9        A0       1  BANK1       1
                swtext3                        0006A0  00002A  0006CA       D40       0  CONST       2
                clrtext                        0006CA  000008  0006D2       D94       0  CODE        2


UNUSED ADDRESS RANGES

        Name                Unused          Largest block    Delta
        BANK0            064-06F             C           1
        BANK1            0B9-0EF            37           1
        BANK2            120-16F            50           1
        BANK3            198-1EF            58           1
        CODE             002-003             2           2
                         6D2-FFF           12E
        COMMON           07C-07D             2           1
        CONFIG           2007-2008             2           2
        CONST            002-003             2           2
                         6D2-FFF           100
        ENTRY            002-003             2           2
                         6D2-FFF           100
        IDLOC            2000-2003             4           2
        RAM              064-06F             C           1
                         0B9-0EF            37
                         120-16F            50
                         198-1EF            58
        SFR0             000-01F            20           1
        SFR1             080-09F            20           1
        SFR2             100-11F            20           1
        SFR3             180-197            18           1
        STACK            198-1EF            58           1
        STRCODE          002-003             2           2
                         6D2-FFF           92E
        STRING           002-003             2           2
                         6D2-FFF           100

                                  Symbol Table

?___lldiv                    cstackBANK0  054
?___lmul                     cstackCOMMON 074
?___lwdiv                    cstackCOMMON 074
?___wmul                     cstackCOMMON 074
ADC_Driver@i                 cstackBANK0  063
ADC_Sample@ad_temp           cstackCOMMON 07A
ADC_Sample@adch              cstackCOMMON 078
ADC_Sample@admax             bssBANK0     040
ADC_Sample@admin             bssBANK0     042
ADC_Sample@adsum             bssBANK1     0B0
ADC_Sample@adtimes           bssBANK0     04A
ADC_Sample@i                 cstackCOMMON 079
_ADCON0                      (abs)        01F
_ADCON1                      (abs)        09F
_ADC_Driver                  text24       01E
_ADC_Sample                  text24       1CA
_ADRESH                      (abs)        01E
_ADRESL                      (abs)        09E
_ANSEL                       (abs)        188
_ANSELH                      (abs)        189
_CUP_USB_Driver              text23       686
_Charge                      text4        329
_GIE                         (abs)        05F
_GODONE                      (abs)        0F9
_INTCON                      (abs)        00B
_IOCA                        (abs)        087
_IOCB                        (abs)        096
_ISR                         text30       642
_KEY_Driver                  text22       5DE
_KEY_WorkDriver              text21       666
_LED_Display                 text20       540
_MCU_AdcInit                 text4        50F
_MCU_Config                  text4        4BA
_MCU_EnterSleep              text4        476
_MCU_GpioInit                text4        4D1
_MCU_GpioSetToSleep          text4        494
_MCU_IntInit                 text4        4F5
_MCU_PoweronConfig           text4        4FF
_MCU_PwmInit                 text4        516
_MCU_Timer0_Init             text4        50B
_MCU_Timer1_Init             text4        52C
_MCU_Timer2_Init             text4        52D
_MCU_TimerInit               text4        506
_Motor_OFF                   text4        46A
_Motor_ON                    text4        46E
_OPTION_REG                  (abs)        081
_OSCCON                      (abs)        08F
_PEIE                        (abs)        05E
_PIE1                        (abs)        08C
_PIE2                        (abs)        08D
_PIR1                        (abs)        00C
_PIR2                        (abs)        00D
_PORTA                       (abs)        005
_PORTB                       (abs)        006
_PR2                         (abs)        092
_PWMCON0                     (abs)        107
_PWMD23H                     (abs)        11D
_PWMD2L                      (abs)        195
_PWMTH                       (abs)        190
_PWMTL                       (abs)        18F
_RA0                         (abs)        028
_RA1                         (abs)        029
_RA3                         (abs)        02B
_RA6                         (abs)        02E
_RAIE                        (abs)        467
_RAIF                        (abs)        067
_RB0                         (abs)        030
_RB4                         (abs)        034
_RB5                         (abs)        035
_RBIE                        (abs)        05B
_RBIF                        (abs)        058
_Run_State                   text4        3B6
_Sleep                       text4        472
_Standby                     text4        2E9
_T0IE                        (abs)        05D
_T0IF                        (abs)        05A
_T2CON                       (abs)        012
_TMR0                        (abs)        001
_TMR1IE                      (abs)        460
_TMR1IF                      (abs)        060
_TMR2                        (abs)        011
_TMR2IE                      (abs)        461
_TMR2IF                      (abs)        061
_TRISA                       (abs)        085
_TRISA2                      (abs)        42A
_TRISA4                      (abs)        42C
_TRISA5                      (abs)        42D
_TRISA7                      (abs)        42F
_TRISB                       (abs)        086
_TRISB1                      (abs)        431
_WDTCON                      (abs)        105
_WPDA                        (abs)        007
_WPDB                        (abs)        008
_WPUA                        (abs)        18E
_WPUB                        (abs)        095
_Work                        text4        3E3
__Habs1                      abs1         000
__Hbank0                     bank0        000
__Hbank1                     bank1        000
__Hbank2                     bank2        000
__Hbank3                     bank3        000
__HbitbssCOMMON              bitbssCOMMON 000
__HbssBANK0                  bssBANK0     000
__HbssBANK1                  bssBANK1     000
__Hcinit                     cinit        01E
__Hclrtext                   clrtext      000
__Hcode                      code         000
__Hcommon                    common       000
__Hconfig                    config       000
__HcstackBANK0               cstackBANK0  000
__HcstackCOMMON              cstackCOMMON 000
__Heeprom_data               eeprom_data  000
__Hend_init                  end_init     00D
__Hfunctab                   functab      000
__Hidloc                     idloc        000
__Hinit                      init         00B
__Hintentry                  intentry     00B
__Hmaintext                  maintext     000
__Hpa_nodes0                 pa_nodes0    000
__Hpowerup                   powerup      000
__Hram                       ram          000
__Hreset_vec                 reset_vec    002
__Hsfr0                      sfr0         000
__Hsfr1                      sfr1         000
__Hsfr2                      sfr2         000
__Hsfr3                      sfr3         000
__Hspace_0                   (abs)        6D2
__Hspace_1                   (abs)        38E
__Hspace_2                   (abs)        000
__Hspace_3                   (abs)        000
__Hstack                     stack        000
__Hstrings                   strings      000
__Htext                      text         000
__Labs1                      abs1         000
__Lbank0                     bank0        000
__Lbank1                     bank1        000
__Lbank2                     bank2        000
__Lbank3                     bank3        000
__LbitbssCOMMON              bitbssCOMMON 000
__LbssBANK0                  bssBANK0     000
__LbssBANK1                  bssBANK1     000
__Lcinit                     cinit        00D
__Lclrtext                   clrtext      000
__Lcode                      code         000
__Lcommon                    common       000
__Lconfig                    config       000
__LcstackBANK0               cstackBANK0  000
__LcstackCOMMON              cstackCOMMON 000
__Leeprom_data               eeprom_data  000
__Lend_init                  end_init     00B
__Lfunctab                   functab      000
__Lidloc                     idloc        000
__Linit                      init         00B
__Lintentry                  intentry     004
__Lmaintext                  maintext     000
__Lpa_nodes0                 pa_nodes0    000
__Lpowerup                   powerup      000
__Lram                       ram          000
__Lreset_vec                 reset_vec    000
__Lsfr0                      sfr0         000
__Lsfr1                      sfr1         000
__Lsfr2                      sfr2         000
__Lsfr3                      sfr3         000
__Lspace_0                   (abs)        000
__Lspace_1                   (abs)        000
__Lspace_2                   (abs)        000
__Lspace_3                   (abs)        000
__Lstack                     stack        000
__Lstrings                   strings      000
__Ltext                      text         000
__S0                         (abs)        6D2
__S1                         (abs)        0B9
__S2                         (abs)        000
___int_sp                    stack        000
___latbits                   (abs)        001
___lldiv                     text24       14F
___lldiv@counter             cstackBANK0  060
___lldiv@dividend            cstackBANK0  058
___lldiv@divisor             cstackBANK0  054
___lldiv@quotient            cstackBANK0  05C
___lmul                      text24       197
___lmul@multiplicand         cstackCOMMON 078
___lmul@multiplier           cstackCOMMON 074
___lmul@product              cstackBANK0  050
___lwdiv                     text24       2A6
___lwdiv@counter             cstackCOMMON 07A
___lwdiv@dividend            cstackCOMMON 076
___lwdiv@divisor             cstackCOMMON 074
___lwdiv@quotient            cstackCOMMON 078
___sp                        stack        000
___wmul                      text24       2D0
___wmul@multiplicand         cstackCOMMON 076
___wmul@multiplier           cstackCOMMON 074
___wmul@product              cstackCOMMON 078
__end_of_ADC_Driver          text24       14F
__end_of_ADC_Sample          text24       2A6
__end_of_CUP_USB_Driver      text23       6A0
__end_of_Charge              text4        3B6
__end_of_ISR                 text30       666
__end_of_KEY_Driver          text22       61D
__end_of_KEY_WorkDriver      text21       686
__end_of_LED_Display         text20       5DE
__end_of_MCU_AdcInit         text4        516
__end_of_MCU_Config          text4        4D1
__end_of_MCU_EnterSleep      text4        494
__end_of_MCU_GpioInit        text4        4F5
__end_of_MCU_GpioSetToSleep  text4        4BA
__end_of_MCU_IntInit         text4        4FF
__end_of_MCU_PoweronConfig   text4        506
__end_of_MCU_PwmInit         text4        52C
__end_of_MCU_Timer0_Init     text4        50F
__end_of_MCU_Timer1_Init     text4        52D
__end_of_MCU_Timer2_Init     text4        540
__end_of_MCU_TimerInit       text4        50B
__end_of_Motor_OFF           text4        46E
__end_of_Motor_ON            text4        472
__end_of_Run_State           text4        3E3
__end_of_Sleep               text4        476
__end_of_Standby             text4        329
__end_of_Work                text4        46A
__end_of___lldiv             text24       197
__end_of___lmul              text24       1CA
__end_of___lwdiv             text24       2D0
__end_of___wmul              text24       2E9
__end_of__initialization     cinit        01B
__end_of_main                maintext     642
__initialization             cinit        00D
__pbitbssCOMMON              bitbssCOMMON 380
__pbssBANK0                  bssBANK0     020
__pbssBANK1                  bssBANK1     0A0
__pcstackBANK0               cstackBANK0  050
__pcstackCOMMON              cstackCOMMON 072
__pintentry                  intentry     004
__pmaintext                  maintext     61D
__pswtext1                   swtext1      6B6
__pswtext2                   swtext2      6C0
__pswtext3                   swtext3      6A0
__ptext0                     text0        000
__ptext1                     text4        3B6
__ptext10                    text4        52D
__ptext11                    text4        52C
__ptext12                    text4        50B
__ptext13                    text4        516
__ptext14                    text4        4FF
__ptext15                    text4        4F5
__ptext16                    text4        4D1
__ptext17                    text4        50F
__ptext18                    text4        329
__ptext19                    text4        46A
__ptext2                     text4        3E3
__ptext20                    text20       540
__ptext21                    text21       666
__ptext22                    text22       5DE
__ptext23                    text23       686
__ptext24                    text24       01E
__ptext25                    text24       2D0
__ptext26                    text24       2A6
__ptext27                    text24       197
__ptext28                    text24       14F
__ptext29                    text24       1CA
__ptext3                     text4        46E
__ptext30                    text30       642
__ptext4                     text4        2E9
__ptext5                     text4        472
__ptext6                     text4        476
__ptext7                     text4        494
__ptext8                     text4        4BA
__ptext9                     text4        506
__size_of_ADC_Driver         (abs)        000
__size_of_ADC_Sample         (abs)        000
__size_of_CUP_USB_Driver     (abs)        000
__size_of_Charge             (abs)        000
__size_of_ISR                (abs)        000
__size_of_KEY_Driver         (abs)        000
__size_of_KEY_WorkDriver     (abs)        000
__size_of_LED_Display        (abs)        000
__size_of_MCU_AdcInit        (abs)        000
__size_of_MCU_Config         (abs)        000
__size_of_MCU_EnterSleep     (abs)        000
__size_of_MCU_GpioInit       (abs)        000
__size_of_MCU_GpioSetToSleep (abs)        000
__size_of_MCU_IntInit        (abs)        000
__size_of_MCU_PoweronConfig  (abs)        000
__size_of_MCU_PwmInit        (abs)        000
__size_of_MCU_Timer0_Init    (abs)        000
__size_of_MCU_Timer1_Init    (abs)        000
__size_of_MCU_Timer2_Init    (abs)        000
__size_of_MCU_TimerInit      (abs)        000
__size_of_Motor_OFF          (abs)        000
__size_of_Motor_ON           (abs)        000
__size_of_Run_State          (abs)        000
__size_of_Sleep              (abs)        000
__size_of_Standby            (abs)        000
__size_of_Work               (abs)        000
__size_of___lldiv            (abs)        000
__size_of___lmul             (abs)        000
__size_of___lwdiv            (abs)        000
__size_of___wmul             (abs)        000
__size_of_main               (abs)        000
_adc                         bssBANK0     020
_charDisplayCnt              bssBANK0     044
_charPeriod                  bssBANK0     04D
_gIsCharging                 bitbssCOMMON 389
_gIsCupOk                    bitbssCOMMON 388
_gTimeCntFor10ms             bssBANK0     04B
_gbBatCharge                 bitbssCOMMON 380
_gbCupEvent                  bitbssCOMMON 387
_gbLed1hz                    bitbssCOMMON 384
_gbLed2hz                    bitbssCOMMON 383
_gbLedWait                   bitbssCOMMON 386
_gbOcp                       bitbssCOMMON 38D
_gbTime10ms                  bitbssCOMMON 382
_gbUcp                       bitbssCOMMON 38C
_gbUsbPlugIn                 bitbssCOMMON 38B
_gbUsbPlugInEvent            bitbssCOMMON 381
_gbitChrPwmDuty              bitbssCOMMON 38A
_key                         bssBANK0     03B
_led                         bssBANK1     0B4
_ledMode                     bssBANK0     04E
_main                        maintext     61D
_pwmMsCnt                    bssBANK1     0B7
_pwmTarget                   bssBANK0     04C
_sleep10sTimeCnt             bssBANK0     048
_timer                       bssBANK1     0A0
_usbIndex                    bitbssCOMMON 385
_work                        bssBANK0     046
_workMode                    bssBANK0     04F
btemp                        (abs)        07E
clear_ram0                   clrtext      6CA
end_of_initialization        cinit        01B
interrupt_function           intentry     004
intlevel0                    functab      000
intlevel1                    functab      000
intlevel2                    functab      000
intlevel3                    functab      000
intlevel4                    functab      000
intlevel5                    functab      000
reset_vec                    reset_vec    000
saved_w                      (abs)        07E
stackhi                      (abs)        000
stacklo                      (abs)        000
start                        init         00B
start_initialization         cinit        00D
wtemp0                       (abs)        07E


FUNCTION INFORMATION:

 *************** function _main *****************
 Defined at:
		line 25 in file "F:\data\о�lSCMCU\JBQ-B04L1\soft\SOFT\Source\main.c"
 Parameters:    Size  Location     Type
		None
 Auto vars:     Size  Location     Type
		None
 Return value:  Size  Location     Type
                  1    wreg      void 
 Registers used:
		wreg, fsr0l, fsr0h, status,2, status,0, pclath, cstack
 Tracked objects:
		On entry : 
		On exit  : 
		Unchanged: 
 Data sizes:     COMMON   BANK0   BANK1   BANK3   BANK2
      Params:         0       0       0       0       0
      Locals:         0       0       0       0       0
      Temps:          0       0       0       0       0
      Totals:         0       0       0       0       0
Total ram usage:        0 bytes
 Hardware stack levels required when called:    7
 This function calls:
		_ADC_Driver
		_CUP_USB_Driver
		_KEY_Driver
		_KEY_WorkDriver
		_LED_Display
		_MCU_Config
		_MCU_PwmInit
		_Run_State
 This function is called by:
		Startup code after reset
 This function uses a non-reentrant model


 *************** function _Run_State *****************
 Defined at:
		line 70 in file "F:\data\о�lSCMCU\JBQ-B04L1\soft\SOFT\Source\function_work.c"
 Parameters:    Size  Location     Type
		None
 Auto vars:     Size  Location     Type
		None
 Return value:  Size  Location     Type
                  1    wreg      void 
 Registers used:
		wreg, fsr0l, fsr0h, status,2, status,0, pclath, cstack
 Tracked objects:
		On entry : 
		On exit  : 
		Unchanged: 
 Data sizes:     COMMON   BANK0   BANK1   BANK3   BANK2
      Params:         0       0       0       0       0
      Locals:         0       0       0       0       0
      Temps:          0       0       0       0       0
      Totals:         0       0       0       0       0
Total ram usage:        0 bytes
 Hardware stack levels used:    1
 Hardware stack levels required when called:    6
 This function calls:
		_Charge
		_Motor_OFF
		_Sleep
		_Standby
		_Work
 This function is called by:
		_main
 This function uses a non-reentrant model


 *************** function _Work *****************
 Defined at:
		line 144 in file "F:\data\о�lSCMCU\JBQ-B04L1\soft\SOFT\Source\function_work.c"
 Parameters:    Size  Location     Type
		None
 Auto vars:     Size  Location     Type
		None
 Return value:  Size  Location     Type
                  1    wreg      void 
 Registers used:
		wreg, status,2, status,0, pclath, cstack
 Tracked objects:
		On entry : 
		On exit  : 
		Unchanged: 
 Data sizes:     COMMON   BANK0   BANK1   BANK3   BANK2
      Params:         0       0       0       0       0
      Locals:         0       0       0       0       0
      Temps:          0       0       0       0       0
      Totals:         0       0       0       0       0
Total ram usage:        0 bytes
 Hardware stack levels used:    1
 Hardware stack levels required when called:    2
 This function calls:
		_Motor_OFF
		_Motor_ON
 This function is called by:
		_Run_State
 This function uses a non-reentrant model


 *************** function _Motor_ON *****************
 Defined at:
		line 50 in file "F:\data\о�lSCMCU\JBQ-B04L1\soft\SOFT\Source\function_work.c"
 Parameters:    Size  Location     Type
		None
 Auto vars:     Size  Location     Type
		None
 Return value:  Size  Location     Type
                  1    wreg      void 
 Registers used:
		None
 Tracked objects:
		On entry : 
		On exit  : 
		Unchanged: 
 Data sizes:     COMMON   BANK0   BANK1   BANK3   BANK2
      Params:         0       0       0       0       0
      Locals:         0       0       0       0       0
      Temps:          0       0       0       0       0
      Totals:         0       0       0       0       0
Total ram usage:        0 bytes
 Hardware stack levels used:    1
 Hardware stack levels required when called:    1
 This function calls:
		Nothing
 This function is called by:
		_Work
 This function uses a non-reentrant model


 *************** function _Standby *****************
 Defined at:
		line 106 in file "F:\data\о�lSCMCU\JBQ-B04L1\soft\SOFT\Source\function_work.c"
 Parameters:    Size  Location     Type
		None
 Auto vars:     Size  Location     Type
		None
 Return value:  Size  Location     Type
                  1    wreg      void 
 Registers used:
		wreg, status,2, status,0, pclath, cstack
 Tracked objects:
		On entry : 
		On exit  : 
		Unchanged: 
 Data sizes:     COMMON   BANK0   BANK1   BANK3   BANK2
      Params:         0       0       0       0       0
      Locals:         0       0       0       0       0
      Temps:          0       0       0       0       0
      Totals:         0       0       0       0       0
Total ram usage:        0 bytes
 Hardware stack levels used:    1
 Hardware stack levels required when called:    2
 This function calls:
		_Motor_OFF
 This function is called by:
		_Run_State
 This function uses a non-reentrant model


 *************** function _Sleep *****************
 Defined at:
		line 211 in file "F:\data\о�lSCMCU\JBQ-B04L1\soft\SOFT\Source\function_work.c"
 Parameters:    Size  Location     Type
		None
 Auto vars:     Size  Location     Type
		None
 Return value:  Size  Location     Type
                  1    wreg      void 
 Registers used:
		wreg, status,2, status,0, pclath, cstack
 Tracked objects:
		On entry : 
		On exit  : 
		Unchanged: 
 Data sizes:     COMMON   BANK0   BANK1   BANK3   BANK2
      Params:         0       0       0       0       0
      Locals:         0       0       0       0       0
      Temps:          0       0       0       0       0
      Totals:         0       0       0       0       0
Total ram usage:        0 bytes
 Hardware stack levels used:    1
 Hardware stack levels required when called:    5
 This function calls:
		_MCU_EnterSleep
 This function is called by:
		_Run_State
 This function uses a non-reentrant model


 *************** function _MCU_EnterSleep *****************
 Defined at:
		line 566 in file "F:\data\о�lSCMCU\JBQ-B04L1\soft\SOFT\Source\function.c"
 Parameters:    Size  Location     Type
		None
 Auto vars:     Size  Location     Type
		None
 Return value:  Size  Location     Type
                  1    wreg      void 
 Registers used:
		wreg, status,2, status,0, pclath, cstack
 Tracked objects:
		On entry : 
		On exit  : 
		Unchanged: 
 Data sizes:     COMMON   BANK0   BANK1   BANK3   BANK2
      Params:         0       0       0       0       0
      Locals:         0       0       0       0       0
      Temps:          0       0       0       0       0
      Totals:         0       0       0       0       0
Total ram usage:        0 bytes
 Hardware stack levels used:    1
 Hardware stack levels required when called:    4
 This function calls:
		_MCU_Config
		_MCU_GpioSetToSleep
 This function is called by:
		_Sleep
 This function uses a non-reentrant model


 *************** function _MCU_GpioSetToSleep *****************
 Defined at:
		line 54 in file "F:\data\о�lSCMCU\JBQ-B04L1\soft\SOFT\Source\mcu_gpio.c"
 Parameters:    Size  Location     Type
		None
 Auto vars:     Size  Location     Type
		None
 Return value:  Size  Location     Type
                  1    wreg      void 
 Registers used:
		wreg
 Tracked objects:
		On entry : 
		On exit  : 
		Unchanged: 
 Data sizes:     COMMON   BANK0   BANK1   BANK3   BANK2
      Params:         0       0       0       0       0
      Locals:         0       0       0       0       0
      Temps:          0       0       0       0       0
      Totals:         0       0       0       0       0
Total ram usage:        0 bytes
 Hardware stack levels used:    1
 Hardware stack levels required when called:    1
 This function calls:
		Nothing
 This function is called by:
		_MCU_EnterSleep
 This function uses a non-reentrant model


 *************** function _MCU_Config *****************
 Defined at:
		line 130 in file "F:\data\о�lSCMCU\JBQ-B04L1\soft\SOFT\Source\mcu_config.c"
 Parameters:    Size  Location     Type
		None
 Auto vars:     Size  Location     Type
		None
 Return value:  Size  Location     Type
                  1    wreg      void 
 Registers used:
		wreg, status,2, status,0, pclath, cstack
 Tracked objects:
		On entry : 
		On exit  : 
		Unchanged: 
 Data sizes:     COMMON   BANK0   BANK1   BANK3   BANK2
      Params:         0       0       0       0       0
      Locals:         0       0       0       0       0
      Temps:          3       0       0       0       0
      Totals:         3       0       0       0       0
Total ram usage:        3 bytes
 Hardware stack levels used:    1
 Hardware stack levels required when called:    3
 This function calls:
		_MCU_AdcInit
		_MCU_GpioInit
		_MCU_IntInit
		_MCU_PoweronConfig
		_MCU_PwmInit
		_MCU_TimerInit
 This function is called by:
		_MCU_EnterSleep
		_main
 This function uses a non-reentrant model


 *************** function _MCU_TimerInit *****************
 Defined at:
		line 144 in file "F:\data\о�lSCMCU\JBQ-B04L1\soft\SOFT\Source\mcu_timer.c"
 Parameters:    Size  Location     Type
		None
 Auto vars:     Size  Location     Type
		None
 Return value:  Size  Location     Type
                  1    wreg      void 
 Registers used:
		wreg, status,2, status,0, pclath, cstack
 Tracked objects:
		On entry : 
		On exit  : 
		Unchanged: 
 Data sizes:     COMMON   BANK0   BANK1   BANK3   BANK2
      Params:         0       0       0       0       0
      Locals:         0       0       0       0       0
      Temps:          0       0       0       0       0
      Totals:         0       0       0       0       0
Total ram usage:        0 bytes
 Hardware stack levels used:    1
 Hardware stack levels required when called:    2
 This function calls:
		_MCU_Timer0_Init
		_MCU_Timer1_Init
		_MCU_Timer2_Init
 This function is called by:
		_MCU_Config
 This function uses a non-reentrant model


 *************** function _MCU_Timer2_Init *****************
 Defined at:
		line 79 in file "F:\data\о�lSCMCU\JBQ-B04L1\soft\SOFT\Source\mcu_timer.c"
 Parameters:    Size  Location     Type
		None
 Auto vars:     Size  Location     Type
		None
 Return value:  Size  Location     Type
                  1    wreg      void 
 Registers used:
		wreg
 Tracked objects:
		On entry : 
		On exit  : 
		Unchanged: 
 Data sizes:     COMMON   BANK0   BANK1   BANK3   BANK2
      Params:         0       0       0       0       0
      Locals:         0       0       0       0       0
      Temps:          0       0       0       0       0
      Totals:         0       0       0       0       0
Total ram usage:        0 bytes
 Hardware stack levels used:    1
 Hardware stack levels required when called:    1
 This function calls:
		Nothing
 This function is called by:
		_MCU_TimerInit
 This function uses a non-reentrant model


 *************** function _MCU_Timer1_Init *****************
 Defined at:
		line 34 in file "F:\data\о�lSCMCU\JBQ-B04L1\soft\SOFT\Source\mcu_timer.c"
 Parameters:    Size  Location     Type
		None
 Auto vars:     Size  Location     Type
		None
 Return value:  Size  Location     Type
                  1    wreg      void 
 Registers used:
		None
 Tracked objects:
		On entry : 
		On exit  : 
		Unchanged: 
 Data sizes:     COMMON   BANK0   BANK1   BANK3   BANK2
      Params:         0       0       0       0       0
      Locals:         0       0       0       0       0
      Temps:          0       0       0       0       0
      Totals:         0       0       0       0       0
Total ram usage:        0 bytes
 Hardware stack levels used:    1
 Hardware stack levels required when called:    1
 This function calls:
		Nothing
 This function is called by:
		_MCU_TimerInit
 This function uses a non-reentrant model


 *************** function _MCU_Timer0_Init *****************
 Defined at:
		line 21 in file "F:\data\о�lSCMCU\JBQ-B04L1\soft\SOFT\Source\mcu_timer.c"
 Parameters:    Size  Location     Type
		None
 Auto vars:     Size  Location     Type
		None
 Return value:  Size  Location     Type
                  1    wreg      void 
 Registers used:
		status,2
 Tracked objects:
		On entry : 
		On exit  : 
		Unchanged: 
 Data sizes:     COMMON   BANK0   BANK1   BANK3   BANK2
      Params:         0       0       0       0       0
      Locals:         0       0       0       0       0
      Temps:          0       0       0       0       0
      Totals:         0       0       0       0       0
Total ram usage:        0 bytes
 Hardware stack levels used:    1
 Hardware stack levels required when called:    1
 This function calls:
		Nothing
 This function is called by:
		_MCU_TimerInit
 This function uses a non-reentrant model


 *************** function _MCU_PwmInit *****************
 Defined at:
		line 23 in file "F:\data\о�lSCMCU\JBQ-B04L1\soft\SOFT\Source\mcu_pwm.c"
 Parameters:    Size  Location     Type
		None
 Auto vars:     Size  Location     Type
		None
 Return value:  Size  Location     Type
                  1    wreg      void 
 Registers used:
		wreg, status,2
 Tracked objects:
		On entry : 
		On exit  : 
		Unchanged: 
 Data sizes:     COMMON   BANK0   BANK1   BANK3   BANK2
      Params:         0       0       0       0       0
      Locals:         0       0       0       0       0
      Temps:          0       0       0       0       0
      Totals:         0       0       0       0       0
Total ram usage:        0 bytes
 Hardware stack levels used:    1
 Hardware stack levels required when called:    1
 This function calls:
		Nothing
 This function is called by:
		_main
		_MCU_Config
 This function uses a non-reentrant model


 *************** function _MCU_PoweronConfig *****************
 Defined at:
		line 40 in file "F:\data\о�lSCMCU\JBQ-B04L1\soft\SOFT\Source\mcu_config.c"
 Parameters:    Size  Location     Type
		None
 Auto vars:     Size  Location     Type
		None
 Return value:  Size  Location     Type
                  1    wreg      void 
 Registers used:
		wreg
 Tracked objects:
		On entry : 
		On exit  : 
		Unchanged: 
 Data sizes:     COMMON   BANK0   BANK1   BANK3   BANK2
      Params:         0       0       0       0       0
      Locals:         0       0       0       0       0
      Temps:          0       0       0       0       0
      Totals:         0       0       0       0       0
Total ram usage:        0 bytes
 Hardware stack levels used:    1
 Hardware stack levels required when called:    1
 This function calls:
		Nothing
 This function is called by:
		_MCU_Config
 This function uses a non-reentrant model


 *************** function _MCU_IntInit *****************
 Defined at:
		line 21 in file "F:\data\о�lSCMCU\JBQ-B04L1\soft\SOFT\Source\mcu_int.c"
 Parameters:    Size  Location     Type
		None
 Auto vars:     Size  Location     Type
		None
 Return value:  Size  Location     Type
                  1    wreg      void 
 Registers used:
		wreg, status,2
 Tracked objects:
		On entry : 
		On exit  : 
		Unchanged: 
 Data sizes:     COMMON   BANK0   BANK1   BANK3   BANK2
      Params:         0       0       0       0       0
      Locals:         0       0       0       0       0
      Temps:          0       0       0       0       0
      Totals:         0       0       0       0       0
Total ram usage:        0 bytes
 Hardware stack levels used:    1
 Hardware stack levels required when called:    1
 This function calls:
		Nothing
 This function is called by:
		_MCU_Config
 This function uses a non-reentrant model


 *************** function _MCU_GpioInit *****************
 Defined at:
		line 20 in file "F:\data\о�lSCMCU\JBQ-B04L1\soft\SOFT\Source\mcu_gpio.c"
 Parameters:    Size  Location     Type
		None
 Auto vars:     Size  Location     Type
		None
 Return value:  Size  Location     Type
                  1    wreg      void 
 Registers used:
		wreg, status,2
 Tracked objects:
		On entry : 
		On exit  : 
		Unchanged: 
 Data sizes:     COMMON   BANK0   BANK1   BANK3   BANK2
      Params:         0       0       0       0       0
      Locals:         0       0       0       0       0
      Temps:          0       0       0       0       0
      Totals:         0       0       0       0       0
Total ram usage:        0 bytes
 Hardware stack levels used:    1
 Hardware stack levels required when called:    1
 This function calls:
		Nothing
 This function is called by:
		_MCU_Config
 This function uses a non-reentrant model


 *************** function _MCU_AdcInit *****************
 Defined at:
		line 23 in file "F:\data\о�lSCMCU\JBQ-B04L1\soft\SOFT\Source\mcu_adc.c"
 Parameters:    Size  Location     Type
		None
 Auto vars:     Size  Location     Type
		None
 Return value:  Size  Location     Type
                  1    wreg      void 
 Registers used:
		wreg
 Tracked objects:
		On entry : 
		On exit  : 
		Unchanged: 
 Data sizes:     COMMON   BANK0   BANK1   BANK3   BANK2
      Params:         0       0       0       0       0
      Locals:         0       0       0       0       0
      Temps:          0       0       0       0       0
      Totals:         0       0       0       0       0
Total ram usage:        0 bytes
 Hardware stack levels used:    1
 Hardware stack levels required when called:    1
 This function calls:
		Nothing
 This function is called by:
		_MCU_Config
 This function uses a non-reentrant model


 *************** function _Charge *****************
 Defined at:
		line 225 in file "F:\data\о�lSCMCU\JBQ-B04L1\soft\SOFT\Source\function_work.c"
 Parameters:    Size  Location     Type
		None
 Auto vars:     Size  Location     Type
		None
 Return value:  Size  Location     Type
                  1    wreg      void 
 Registers used:
		wreg, fsr0l, fsr0h, status,2, status,0, pclath, cstack
 Tracked objects:
		On entry : 
		On exit  : 
		Unchanged: 
 Data sizes:     COMMON   BANK0   BANK1   BANK3   BANK2
      Params:         0       0       0       0       0
      Locals:         0       0       0       0       0
      Temps:          2       0       0       0       0
      Totals:         2       0       0       0       0
Total ram usage:        2 bytes
 Hardware stack levels used:    1
 Hardware stack levels required when called:    2
 This function calls:
		_Motor_OFF
 This function is called by:
		_Run_State
 This function uses a non-reentrant model


 *************** function _Motor_OFF *****************
 Defined at:
		line 60 in file "F:\data\о�lSCMCU\JBQ-B04L1\soft\SOFT\Source\function_work.c"
 Parameters:    Size  Location     Type
		None
 Auto vars:     Size  Location     Type
		None
 Return value:  Size  Location     Type
                  1    wreg      void 
 Registers used:
		None
 Tracked objects:
		On entry : 
		On exit  : 
		Unchanged: 
 Data sizes:     COMMON   BANK0   BANK1   BANK3   BANK2
      Params:         0       0       0       0       0
      Locals:         0       0       0       0       0
      Temps:          0       0       0       0       0
      Totals:         0       0       0       0       0
Total ram usage:        0 bytes
 Hardware stack levels used:    1
 Hardware stack levels required when called:    1
 This function calls:
		Nothing
 This function is called by:
		_Run_State
		_Standby
		_Work
		_Charge
 This function uses a non-reentrant model


 *************** function _LED_Display *****************
 Defined at:
		line 161 in file "F:\data\о�lSCMCU\JBQ-B04L1\soft\SOFT\Source\function.c"
 Parameters:    Size  Location     Type
		None
 Auto vars:     Size  Location     Type
		None
 Return value:  Size  Location     Type
                  1    wreg      void 
 Registers used:
		wreg, fsr0l, fsr0h, status,2, status,0
 Tracked objects:
		On entry : 
		On exit  : 
		Unchanged: 
 Data sizes:     COMMON   BANK0   BANK1   BANK3   BANK2
      Params:         0       0       0       0       0
      Locals:         0       0       0       0       0
      Temps:          0       0       0       0       0
      Totals:         0       0       0       0       0
Total ram usage:        0 bytes
 Hardware stack levels used:    1
 Hardware stack levels required when called:    1
 This function calls:
		Nothing
 This function is called by:
		_main
 This function uses a non-reentrant model


 *************** function _KEY_WorkDriver *****************
 Defined at:
		line 107 in file "F:\data\о�lSCMCU\JBQ-B04L1\soft\SOFT\Source\function.c"
 Parameters:    Size  Location     Type
		None
 Auto vars:     Size  Location     Type
		None
 Return value:  Size  Location     Type
                  1    wreg      void 
 Registers used:
		wreg, status,2, status,0
 Tracked objects:
		On entry : 
		On exit  : 
		Unchanged: 
 Data sizes:     COMMON   BANK0   BANK1   BANK3   BANK2
      Params:         0       0       0       0       0
      Locals:         0       0       0       0       0
      Temps:          0       0       0       0       0
      Totals:         0       0       0       0       0
Total ram usage:        0 bytes
 Hardware stack levels used:    1
 Hardware stack levels required when called:    1
 This function calls:
		Nothing
 This function is called by:
		_main
 This function uses a non-reentrant model


 *************** function _KEY_Driver *****************
 Defined at:
		line 61 in file "F:\data\о�lSCMCU\JBQ-B04L1\soft\SOFT\Source\function.c"
 Parameters:    Size  Location     Type
		None
 Auto vars:     Size  Location     Type
		None
 Return value:  Size  Location     Type
                  1    wreg      void 
 Registers used:
		wreg, status,2, status,0
 Tracked objects:
		On entry : 
		On exit  : 
		Unchanged: 
 Data sizes:     COMMON   BANK0   BANK1   BANK3   BANK2
      Params:         0       0       0       0       0
      Locals:         0       0       0       0       0
      Temps:          0       0       0       0       0
      Totals:         0       0       0       0       0
Total ram usage:        0 bytes
 Hardware stack levels used:    1
 Hardware stack levels required when called:    1
 This function calls:
		Nothing
 This function is called by:
		_main
 This function uses a non-reentrant model


 *************** function _CUP_USB_Driver *****************
 Defined at:
		line 131 in file "F:\data\о�lSCMCU\JBQ-B04L1\soft\SOFT\Source\function.c"
 Parameters:    Size  Location     Type
		None
 Auto vars:     Size  Location     Type
		None
 Return value:  Size  Location     Type
                  1    wreg      void 
 Registers used:
		wreg, status,2
 Tracked objects:
		On entry : 
		On exit  : 
		Unchanged: 
 Data sizes:     COMMON   BANK0   BANK1   BANK3   BANK2
      Params:         0       0       0       0       0
      Locals:         0       0       0       0       0
      Temps:          0       0       0       0       0
      Totals:         0       0       0       0       0
Total ram usage:        0 bytes
 Hardware stack levels used:    1
 Hardware stack levels required when called:    1
 This function calls:
		Nothing
 This function is called by:
		_main
 This function uses a non-reentrant model


 *************** function _ADC_Driver *****************
 Defined at:
		line 154 in file "F:\data\о�lSCMCU\JBQ-B04L1\soft\SOFT\Source\mcu_adc.c"
 Parameters:    Size  Location     Type
		None
 Auto vars:     Size  Location     Type
  i               1   19[BANK0 ] unsigned char 
 Return value:  Size  Location     Type
                  1    wreg      void 
 Registers used:
		wreg, fsr0l, fsr0h, status,2, status,0, pclath, cstack
 Tracked objects:
		On entry : 
		On exit  : 
		Unchanged: 
 Data sizes:     COMMON   BANK0   BANK1   BANK3   BANK2
      Params:         0       0       0       0       0
      Locals:         0       1       0       0       0
      Temps:          0       2       0       0       0
      Totals:         0       3       0       0       0
Total ram usage:        3 bytes
 Hardware stack levels used:    1
 Hardware stack levels required when called:    2
 This function calls:
		_ADC_Sample
		___lldiv
		___lmul
		___lwdiv
		___wmul
 This function is called by:
		_main
 This function uses a non-reentrant model


 *************** function ___wmul *****************
 Defined at:
		line 15 in file "C:\Program Files (x86)\SCMCU_IDE_V2.00.07\data\sources\common\Umul16.c"
 Parameters:    Size  Location     Type
  multiplier      2    2[COMMON] unsigned int 
  multiplicand    2    4[COMMON] unsigned int 
 Auto vars:     Size  Location     Type
  product         2    6[COMMON] unsigned int 
 Return value:  Size  Location     Type
                  2    2[COMMON] unsigned int 
 Registers used:
		wreg, status,2, status,0
 Tracked objects:
		On entry : 
		On exit  : 
		Unchanged: 
 Data sizes:     COMMON   BANK0   BANK1   BANK3   BANK2
      Params:         4       0       0       0       0
      Locals:         2       0       0       0       0
      Temps:          0       0       0       0       0
      Totals:         6       0       0       0       0
Total ram usage:        6 bytes
 Hardware stack levels used:    1
 Hardware stack levels required when called:    1
 This function calls:
		Nothing
 This function is called by:
		_ADC_Driver
 This function uses a non-reentrant model


 *************** function ___lwdiv *****************
 Defined at:
		line 6 in file "C:\Program Files (x86)\SCMCU_IDE_V2.00.07\data\sources\common\lwdiv.c"
 Parameters:    Size  Location     Type
  divisor         2    2[COMMON] unsigned int 
  dividend        2    4[COMMON] unsigned int 
 Auto vars:     Size  Location     Type
  quotient        2    6[COMMON] unsigned int 
  counter         1    8[COMMON] unsigned char 
 Return value:  Size  Location     Type
                  2    2[COMMON] unsigned int 
 Registers used:
		wreg, status,2, status,0
 Tracked objects:
		On entry : 
		On exit  : 
		Unchanged: 
 Data sizes:     COMMON   BANK0   BANK1   BANK3   BANK2
      Params:         4       0       0       0       0
      Locals:         3       0       0       0       0
      Temps:          0       0       0       0       0
      Totals:         7       0       0       0       0
Total ram usage:        7 bytes
 Hardware stack levels used:    1
 Hardware stack levels required when called:    1
 This function calls:
		Nothing
 This function is called by:
		_ADC_Driver
 This function uses a non-reentrant model


 *************** function ___lmul *****************
 Defined at:
		line 15 in file "C:\Program Files (x86)\SCMCU_IDE_V2.00.07\data\sources\common\Umul32.c"
 Parameters:    Size  Location     Type
  multiplier      4    2[COMMON] unsigned long 
  multiplicand    4    6[COMMON] unsigned long 
 Auto vars:     Size  Location     Type
  product         4    0[BANK0 ] unsigned long 
 Return value:  Size  Location     Type
                  4    2[COMMON] unsigned long 
 Registers used:
		wreg, status,2, status,0
 Tracked objects:
		On entry : 
		On exit  : 
		Unchanged: 
 Data sizes:     COMMON   BANK0   BANK1   BANK3   BANK2
      Params:         8       0       0       0       0
      Locals:         0       4       0       0       0
      Temps:          0       0       0       0       0
      Totals:         8       4       0       0       0
Total ram usage:       12 bytes
 Hardware stack levels used:    1
 Hardware stack levels required when called:    1
 This function calls:
		Nothing
 This function is called by:
		_ADC_Driver
 This function uses a non-reentrant model


 *************** function ___lldiv *****************
 Defined at:
		line 6 in file "C:\Program Files (x86)\SCMCU_IDE_V2.00.07\data\sources\common\lldiv.c"
 Parameters:    Size  Location     Type
  divisor         4    4[BANK0 ] unsigned long 
  dividend        4    8[BANK0 ] unsigned long 
 Auto vars:     Size  Location     Type
  quotient        4   12[BANK0 ] unsigned long 
  counter         1   16[BANK0 ] unsigned char 
 Return value:  Size  Location     Type
                  4    4[BANK0 ] unsigned long 
 Registers used:
		wreg, status,2, status,0
 Tracked objects:
		On entry : 
		On exit  : 
		Unchanged: 
 Data sizes:     COMMON   BANK0   BANK1   BANK3   BANK2
      Params:         0       8       0       0       0
      Locals:         0       5       0       0       0
      Temps:          0       0       0       0       0
      Totals:         0      13       0       0       0
Total ram usage:       13 bytes
 Hardware stack levels used:    1
 Hardware stack levels required when called:    1
 This function calls:
		Nothing
 This function is called by:
		_ADC_Driver
 This function uses a non-reentrant model


 *************** function _ADC_Sample *****************
 Defined at:
		line 103 in file "F:\data\о�lSCMCU\JBQ-B04L1\soft\SOFT\Source\mcu_adc.c"
 Parameters:    Size  Location     Type
  adch            1    wreg     unsigned char 
 Auto vars:     Size  Location     Type
  adch            1    6[COMMON] unsigned char 
  ad_temp         2    8[COMMON] volatile unsigned int 
  i               1    7[COMMON] unsigned char 
 Return value:  Size  Location     Type
                  1    wreg      void 
 Registers used:
		wreg, status,2, status,0
 Tracked objects:
		On entry : 
		On exit  : 
		Unchanged: 
 Data sizes:     COMMON   BANK0   BANK1   BANK3   BANK2
      Params:         0       0       0       0       0
      Locals:         4       0       0       0       0
      Temps:          4       0       0       0       0
      Totals:         8       0       0       0       0
Total ram usage:        8 bytes
 Hardware stack levels used:    1
 Hardware stack levels required when called:    1
 This function calls:
		Nothing
 This function is called by:
		_ADC_Driver
 This function uses a non-reentrant model


 *************** function _ISR *****************
 Defined at:
		line 98 in file "F:\data\о�lSCMCU\JBQ-B04L1\soft\SOFT\Source\mcu_int.c"
 Parameters:    Size  Location     Type
		None
 Auto vars:     Size  Location     Type
		None
 Return value:  Size  Location     Type
                  1    wreg      void 
 Registers used:
		wreg, status,2, status,0
 Tracked objects:
		On entry : 
		On exit  : 
		Unchanged: 
 Data sizes:     COMMON   BANK0   BANK1   BANK3   BANK2
      Params:         0       0       0       0       0
      Locals:         0       0       0       0       0
      Temps:          2       0       0       0       0
      Totals:         2       0       0       0       0
Total ram usage:        2 bytes
 Hardware stack levels used:    1
 This function calls:
		Nothing
 This function is called by:
		Interrupt level 1
 This function uses a non-reentrant model



MODULE INFORMATION

Module		Function		Class		Link	Load	Size
F:\data\о�lSCMCU\JBQ-B04L1\soft\SOFT\Source\mcu_timer.c
		_MCU_Timer0_Init		CODE           	050B	0000	5
		_MCU_Timer1_Init		CODE           	052C	0000	2
		_MCU_Timer2_Init		CODE           	052D	0000	20
		_MCU_TimerInit 		CODE           	0506	0000	6

F:\data\о�lSCMCU\JBQ-B04L1\soft\SOFT\Source\mcu_timer.c estimated size: 33

C:\Program Files (x86)\SCMCU_IDE_V2.00.07\data\sources\common\lwdiv.c
		___lwdiv       		CODE           	02A6	0000	43

C:\Program Files (x86)\SCMCU_IDE_V2.00.07\data\sources\common\lwdiv.c estimated size: 43

F:\data\о�lSCMCU\JBQ-B04L1\soft\SOFT\Source\function_work.c
		_Standby       		CODE           	02E9	0000	65
		_Run_State     		CODE           	03B6	0000	46
		_Motor_ON      		CODE           	046E	0000	5
		_Charge        		CODE           	0329	0000	142
		_Motor_OFF     		CODE           	046A	0000	5
		_Work          		CODE           	03E3	0000	136
		_Sleep         		CODE           	0472	0000	5

F:\data\о�lSCMCU\JBQ-B04L1\soft\SOFT\Source\function_work.c estimated size: 404

C:\Program Files (x86)\SCMCU_IDE_V2.00.07\data\sources\common\lldiv.c
		___lldiv       		CODE           	014F	0000	73

C:\Program Files (x86)\SCMCU_IDE_V2.00.07\data\sources\common\lldiv.c estimated size: 73

F:\data\о�lSCMCU\JBQ-B04L1\soft\SOFT\Source\mcu_pwm.c
		_MCU_PwmInit   		CODE           	0516	0000	23

F:\data\о�lSCMCU\JBQ-B04L1\soft\SOFT\Source\mcu_pwm.c estimated size: 23

F:\data\о�lSCMCU\JBQ-B04L1\soft\SOFT\Source\main.c
		_main          		CODE           	061D	0000	38

F:\data\о�lSCMCU\JBQ-B04L1\soft\SOFT\Source\main.c estimated size: 38

F:\data\о�lSCMCU\JBQ-B04L1\soft\SOFT\Source\mcu_adc.c
		_ADC_Driver    		CODE           	001E	0000	306
		_MCU_AdcInit   		CODE           	050F	0000	8
		_ADC_Sample    		CODE           	01CA	0000	221

F:\data\о�lSCMCU\JBQ-B04L1\soft\SOFT\Source\mcu_adc.c estimated size: 535

F:\data\о�lSCMCU\JBQ-B04L1\soft\SOFT\Source\function.c
		_CUP_USB_Driver		CODE           	0686	0000	27
		_KEY_WorkDriver		CODE           	0666	0000	33
		_LED_Display   		CODE           	0540	0000	159
		_KEY_Driver    		CODE           	05DE	0000	64
		_MCU_EnterSleep		CODE           	0476	0000	31

F:\data\о�lSCMCU\JBQ-B04L1\soft\SOFT\Source\function.c estimated size: 314

C:\Program Files (x86)\SCMCU_IDE_V2.00.07\data\sources\common\Umul16.c
		___wmul        		CODE           	02D0	0000	26

C:\Program Files (x86)\SCMCU_IDE_V2.00.07\data\sources\common\Umul16.c estimated size: 26

shared
		__initialization		CODE           	000D	0000	15

shared estimated size: 15

F:\data\о�lSCMCU\JBQ-B04L1\soft\SOFT\Source\mcu_int.c
		_ISR           		CODE           	0642	0000	37
		_MCU_IntInit   		CODE           	04F5	0000	11

F:\data\о�lSCMCU\JBQ-B04L1\soft\SOFT\Source\mcu_int.c estimated size: 48

F:\data\о�lSCMCU\JBQ-B04L1\soft\SOFT\Source\mcu_gpio.c
		_MCU_GpioInit  		CODE           	04D1	0000	37
		_MCU_GpioSetToSleep		CODE           	0494	0000	39

F:\data\о�lSCMCU\JBQ-B04L1\soft\SOFT\Source\mcu_gpio.c estimated size: 76

F:\data\о�lSCMCU\JBQ-B04L1\soft\SOFT\Source\mcu_config.c
		_MCU_PoweronConfig		CODE           	04FF	0000	8
		_MCU_Config    		CODE           	04BA	0000	24

F:\data\о�lSCMCU\JBQ-B04L1\soft\SOFT\Source\mcu_config.c estimated size: 32

C:\Program Files (x86)\SCMCU_IDE_V2.00.07\data\sources\common\Umul32.c
		___lmul        		CODE           	0197	0000	52

C:\Program Files (x86)\SCMCU_IDE_V2.00.07\data\sources\common\Umul32.c estimated size: 52

